bimahesh@LIN33005302 MINGW64 ~/git_assignments (master)
$ git checkout -b js-assignment
Switched to a new branch 'js-assignment'

bimahesh@LIN33005302 MINGW64 ~/git_assignments (js-assignment)
$ touch my.js

bimahesh@LIN33005302 MINGW64 ~/git_assignments (js-assignment)
$ notepad my.js

bimahesh@LIN33005302 MINGW64 ~/git_assignments (js-assignment)
$ git add .

bimahesh@LIN33005302 MINGW64 ~/git_assignments (js-assignment)
$ git commit -m "js commit"
[js-assignment b73203e] js commit
 1 file changed, 2 insertions(+)
 create mode 100644 my.js

bimahesh@LIN33005302 MINGW64 ~/git_assignments (js-assignment)
$ notepad README.txt

bimahesh@LIN33005302 MINGW64 ~/git_assignments (js-assignment)
$ git add .

bimahesh@LIN33005302 MINGW64 ~/git_assignments (js-assignment)
$ git commit-m "js commit2"
git: 'commit-m' is not a git command. See 'git --help'.

The most similar command is
        commit-tree

bimahesh@LIN33005302 MINGW64 ~/git_assignments (js-assignment)
$ git commit -m "js commit2"
[js-assignment 157495c] js commit2
 1 file changed, 1 insertion(+)

bimahesh@LIN33005302 MINGW64 ~/git_assignments (js-assignment)
$ git checkout master
Switched to branch 'master'

bimahesh@LIN33005302 MINGW64 ~/git_assignments (master)
$ notepad README.txt

bimahesh@LIN33005302 MINGW64 ~/git_assignments (master)
$ git add ,
fatal: pathspec ',' did not match any files

bimahesh@LIN33005302 MINGW64 ~/git_assignments (master)
$ git add .


bimahesh@LIN33005302 MINGW64 ~/git_assignments (master)
$ git commit -m "master js"
[master 15146fc] master js
 1 file changed, 1 insertion(+)

bimahesh@LIN33005302 MINGW64 ~/git_assignments (master)
$ git checkout js-assignment
Switched to branch 'js-assignment'

bimahesh@LIN33005302 MINGW64 ~/git_assignments (js-assignment)
$ notepad my.js

bimahesh@LIN33005302 MINGW64 ~/git_assignments (js-assignment)
$ git add .

bimahesh@LIN33005302 MINGW64 ~/git_assignments (js-assignment)
$ git commit -m "js br changes"
[js-assignment 4e25191] js br changes
 1 file changed, 1 insertion(+), 1 deletion(-)

bimahesh@LIN33005302 MINGW64 ~/git_assignments (js-assignment)
$ git status
On branch js-assignment
nothing to commit, working tree clean

bimahesh@LIN33005302 MINGW64 ~/git_assignments (js-assignment)
$ git checkout master
Switched to branch 'master'

bimahesh@LIN33005302 MINGW64 ~/git_assignments (master)
$ git merge js-assignment
Auto-merging README.txt
CONFLICT (content): Merge conflict in README.txt
Automatic merge failed; fix conflicts and then commit the result.

bimahesh@LIN33005302 MINGW64 ~/git_assignments (master|MERGING)
$ git add .

bimahesh@LIN33005302 MINGW64 ~/git_assignments (master|MERGING)
$ git commit -m "my commit"
[master 32e7985] my commit

bimahesh@LIN33005302 MINGW64 ~/git_assignments (master)
$ git merge js-assignment
Already up to date.

bimahesh@LIN33005302 MINGW64 ~/git_assignments (master)
$ git branch -d js-assignment
Deleted branch js-assignment (was 4e25191).
